2026-03-29T14:36:39.594464 ERROR: HTTP Error 403: Forbidden
2026-03-29T16:55:57.934241 ERROR: HTTP Error 403: Forbidden
2026-03-29T16:57:57.999184 ERROR: HTTP Error 403: Forbidden
2026-03-30T17:45:18.925952 Fetching from channel 1487707180390940773...
2026-03-30T17:45:24.651357 Fetch error: HTTP Error 403: Forbidden
2026-03-30T17:45:24.651538 Total corrections parsed: 0
2026-03-30T17:47:49.550411 Fetching from channel 1487707180390940773...
2026-03-30T17:47:55.091134 Fetch error: HTTP Error 403: Forbidden
2026-03-30T17:47:55.091291 Total corrections parsed: 0
2026-03-30T17:48:04.828420 Fetching from channel 1487707180390940773...
2026-03-30T17:48:10.083049 Fetch error: HTTP Error 403: Forbidden
2026-03-30T17:48:10.083188 Total corrections parsed: 0
2026-03-30T17:57:06.578284 Fetching from channel 1487707180390940773...
2026-03-30T17:57:12.222643 Fetch error: HTTP Error 403: Forbidden
2026-03-30T17:57:12.222868 Total corrections parsed: 0
2026-03-30T18:01:57.429422 Fetching from channel 1487707180390940773...
2026-03-30T18:02:03.184485 Fetch error: HTTP Error 403: Forbidden
2026-03-30T18:02:03.184662 Total corrections parsed: 0
2026-03-30T18:08:38.114055 Fetching from channel 1487707180390940773...
2026-03-30T18:08:44.564720 Got 1 messages
2026-03-30T18:08:44.564926 Parsed correction from message 1488125831401308221
2026-03-30T18:08:44.564970 Total corrections parsed: 1
2026-03-30T18:08:59.745359 Fetching from channel 1487707180390940773...
2026-03-30T18:09:05.591131 Got 1 messages
2026-03-30T18:09:05.591337 Parsed correction from message 1488125831401308221
2026-03-30T18:09:05.591380 Total corrections parsed: 1
2026-03-30T18:11:04.432499 Fetching from channel 1487707180390940773...
2026-03-30T18:11:10.521807 Got 1 messages
2026-03-30T18:11:10.522016 Parsed correction from message 1488133385493680129
2026-03-30T18:11:10.522058 Total corrections parsed: 1
2026-03-30T18:11:40.480352 Applied 0 corrections, version 1 → 2
2026-03-30T18:13:33.548039 Fetching from channel 1487707180390940773...
2026-03-30T18:13:39.515898 Got 2 messages
2026-03-30T18:13:39.516106 Parsed correction from message 1488133930145021953
2026-03-30T18:13:39.516243 Parsed correction from message 1488133825807650859
2026-03-30T18:13:39.516282 Total corrections parsed: 2
2026-03-30T18:14:25.733996 Applied 0 corrections, version 2 → 3
2026-03-30T18:18:12.731827 Fetching from channel 1487707180390940773...
2026-03-30T18:18:18.552454 Got 1 messages
2026-03-30T18:18:18.552678 Parsed correction from message 1488133930145021953
2026-03-30T18:18:18.553784 Total corrections parsed: 1
2026-03-30T18:20:01.132303 Fetching from channel 1487707180390940773...
2026-03-30T18:20:07.495505 Got 0 messages
2026-03-30T18:20:07.495572 Total corrections parsed: 0
2026-03-30T18:22:17.299266 Fetching from channel 1487707180390940773...
2026-03-30T18:22:23.605420 Got 3 messages
2026-03-30T18:22:23.605668 Parsed correction from message 1488136236278218752
2026-03-30T18:22:23.605804 Parsed correction from message 1488136086634107061
2026-03-30T18:22:23.605984 Parsed correction from message 1488135935836295293
2026-03-30T18:22:23.606020 Total corrections parsed: 3
2026-03-30T18:23:20.557043 Delete failed: HTTP Error 404: Not Found
2026-03-30T18:25:46.867574 Fetching from channel 1487707180390940773...
2026-03-30T18:25:52.411817 Got 0 messages
2026-03-30T18:25:52.411895 Total corrections parsed: 0
2026-03-30T18:26:36.997007 Fetching from channel 1487707180390940773...
2026-03-30T18:26:43.353442 Got 2 messages
2026-03-30T18:26:43.353663 Parsed correction from message 1488137345814368426
2026-03-30T18:26:43.353770 Parsed correction from message 1488137264730083521
2026-03-30T18:26:43.353808 Total corrections parsed: 2
2026-03-30T18:27:04.437671 Applied 0 corrections, version 3 → 4
2026-03-30T18:34:53.669604 Fetching from channel 1487707180390940773...
2026-03-30T18:34:59.350239 Fetch error: HTTP Error 401: Unauthorized
2026-03-30T18:34:59.350415 Total corrections parsed: 0
2026-03-30T18:35:20.101884 Fetching from channel 1487707180390940773...
2026-03-30T18:35:26.462000 Got 3 messages
2026-03-30T18:35:26.462194 Parsed correction from message 1488139433936162866
2026-03-30T18:35:26.462304 Parsed correction from message 1488139319771140237
2026-03-30T18:35:26.462422 Parsed correction from message 1488137345814368426
2026-03-30T18:35:26.462459 Total corrections parsed: 3
2026-03-30T18:35:52.248150 Applied 0 corrections, version 1 → 2
2026-03-30T18:35:52.248399 Applied 0 corrections, version 4 → 5
2026-03-30T18:39:43.179641 Fetching from channel 1487707180390940773...
2026-03-30T18:39:49.632472 Got 2 messages
2026-03-30T18:39:49.632674 Parsed correction from message 1488140640104484914
2026-03-30T18:39:49.632785 Parsed correction from message 1488140528229810297
2026-03-30T18:39:49.632824 Total corrections parsed: 2
2026-03-30T18:40:04.699563 Applied 0 corrections, version 5 → 6
2026-03-30T18:40:15.219104 Bulk deleted 2 messages
2026-03-30T18:46:31.516035 Fetching from channel 1487707180390940773...
2026-03-30T18:46:37.598606 Got 2 messages
2026-03-30T18:46:37.598810 Parsed correction from message 1488142339137470615
2026-03-30T18:46:37.598926 Parsed correction from message 1488142231323021312
2026-03-30T18:46:37.598966 Total corrections parsed: 2
2026-03-30T18:46:48.927666 Applied 0 corrections, version 6 → 7
2026-03-30T18:46:59.512455 Bulk deleted 2 messages
2026-03-30T18:50:34.622668 Fetching from channel 1487707180390940773...
2026-03-30T18:50:40.387148 Got 2 messages
2026-03-30T18:50:40.387330 Parsed correction from message 1488143111229018252
2026-03-30T18:50:40.387439 Parsed correction from message 1488142906177880115
2026-03-30T18:50:40.387477 Total corrections parsed: 2
2026-03-30T18:50:48.002799 Applied 0 corrections, version 7 → 8
2026-03-30T18:50:58.618257 Bulk deleted 2 messages
